{"A": [["0", ["A*01:01:01:01", "A*01:01:01:02N", "A*01:01:01:03"], 0.48638613861386026], ["81", ["A*03:01:01:01", "A*03:01:01:03", "A*03:01:01:04", "A*03:01:01:05", "A*03:01:01:06", "A*03:01:01:07"], 0.5136138613861396]], "B": [["491", ["B*39:01:01:01", "B*39:01:01:02L", "B*39:01:01:03", "B*39:01:01:04"], 0.3508772536086905], ["496", ["B*39:02:02"], 0.1607025835956572], ["264", ["B*07:02:01"], 0.48842016279565237]], "C": [["934", ["C*08:01:01"], 0.48711340206185555], ["712", ["C*01:02:01"], 0.5128865979381444]], "DPB1": [["1078", ["DPB1*14:01:01"], 0.48882681564245795], ["1060", ["DPB1*02:01:02"], 0.5111731843575421]], "DQA1": [["1111", ["DQA1*02:01:01:01", "DQA1*02:01:01:02"], 0.5074704121037903], ["1120", ["DQA1*05:03"], 0.488904258476603]], "DQB1": [["1130", ["DQB1*02:02:01:01", "DQB1*02:02:01:02"], 0.5595095693779905], ["1179", ["DQB1*06:09:01"], 0.4404904306220095]], "DRB1": [["1206", ["DRB1*03:06"], 0.05674143838857548], ["1250", ["DRB1*10:01:01:01", "DRB1*10:01:01:02"], 0.5396841515665949], ["1290", ["DRB1*14:02:01"], 0.3832443312145728]]}